{
  "Kind": "document",
  "Content": "",
  "Indent": 0,
  "Children": [
    {
      "Kind": "task",
      "Content": "A",
      "Indent": 0,
      "Children": null
    }
  ]
}