{
  "Kind": "document",
  "Children": [
    {
      "Kind": "note",
      "Content": "My Note"
    }
  ]
}