{
  "Kind": "document",
  "Children": [
    {
      "Kind": "project",
      "Content": "My Project"
    }
  ]
}