{
  "Kind": "document",
  "Children": [
    {
      "Kind": "task",
      "Content": "A",
      "Children": [
        {
          "Kind": "task",
          "Content": "B"
        }
      ]
    }
  ]
}