- A
---
{
  "Kind": "document",
  "Children": [
    {
      "Kind": "task",
      "Content": "A"
    }
  ]
}